reading file TestMats/LPnetlib/lp_adlittle/lp_adlittle.mtx
reading file TestMats/LPnetlib/lp_adlittle/lp_adlittle_b.mtx
reading file TestMats/LPnetlib/lp_adlittle/lp_adlittle_c.mtx
reading file TestMats/LPnetlib/lp_adlittle/lp_adlittle_lo.mtx
reading file TestMats/LPnetlib/lp_adlittle/lp_adlittle_hi.mtx
m=56 n=138 fixed_var=0 nz=424 real_nnz=424
Constructing initial basis...
Size of triangular part is 55
getting initial basic variables....
OPT(5) FEAS(2) INFEAS(3) NOFEAS(4) UNBND(6) UNDEF(1)
0: 3, obj: 793431.937500
1: 3, obj: 793431.937500
2: 3, obj: 759159.297466
3: 2, obj: 712898.056432
infeasible solution: x[28]=-7/5000000000000000
4: 2, obj: 711943.411549, new basis count: -1
infeasible solution: x[28]=-7/5000000000000000
5: 2, obj: 705797.842177, new basis count: 1
infeasible solution: x[28]=-7/5000000000000000
6: 2, obj: 705797.842177, new basis count: 1
infeasible solution: x[28]=-7/5000000000000000
7: 2, obj: 703563.453195, new basis count: 1
infeasible solution: x[28]=-7/5000000000000000
8: 2, obj: 701810.353731, new basis count: 2
infeasible solution: x[28]=-7/5000000000000000
9: 2, obj: 700311.499202, new basis count: 2
infeasible solution: x[28]=-7/5000000000000000
10: 2, obj: 675448.256485, new basis count: 2
infeasible solution: x[28]=-7/5000000000000000
11: 2, obj: 643616.217052, new basis count: 2
infeasible solution: x[28]=-7/5000000000000000
12: 2, obj: 621509.978180, new basis count: 2
infeasible solution: x[28]=-7/5000000000000000
13: 2, obj: 619143.970637, new basis count: 2
infeasible solution: x[28]=-7/5000000000000000
14: 2, obj: 605623.750203, new basis count: 2
infeasible solution: x[28]=-7/5000000000000000
15: 2, obj: 605088.348433, new basis count: 2
infeasible solution: x[28]=-7/5000000000000000
16: 2, obj: 597282.110414, new basis count: 2
infeasible solution: x[28]=-7/5000000000000000
17: 2, obj: 585806.913330, new basis count: 2
infeasible solution: x[28]=-7/5000000000000000
18: 2, obj: 573890.900779, new basis count: 2
infeasible solution: x[28]=-7/5000000000000000
19: 2, obj: 564650.751906, new basis count: 2
infeasible solution: x[28]=-7/5000000000000000
20: 2, obj: 562052.237834, new basis count: 2
infeasible solution: x[28]=-7/5000000000000000
21: 2, obj: 558284.494949, new basis count: 2
infeasible solution: x[28]=-7/5000000000000000
22: 2, obj: 557649.130216, new basis count: 2
infeasible solution: x[28]=-7/5000000000000000
23: 2, obj: 550313.829878, new basis count: 2
infeasible solution: x[28]=-7/5000000000000000
24: 2, obj: 516090.173945, new basis count: 2
infeasible solution: x[28]=-7/5000000000000000
25: 2, obj: 515368.008850, new basis count: 2
infeasible solution: x[28]=-7/5000000000000000
26: 2, obj: 507734.595640, new basis count: 2
infeasible solution: x[28]=-7/5000000000000000
27: 2, obj: 498816.122771, new basis count: 2
infeasible solution: x[28]=-7/5000000000000000
28: 2, obj: 482251.842867, new basis count: 2
infeasible solution: x[28]=-7/5000000000000000
29: 2, obj: 471382.049841, new basis count: 2
infeasible solution: x[28]=-7/5000000000000000
30: 2, obj: 450515.899869, new basis count: 2
infeasible solution: x[28]=-7/5000000000000000
31: 2, obj: 412519.602341, new basis count: 1
infeasible solution: x[28]=-7/5000000000000000
32: 2, obj: 411670.614369, new basis count: 2
infeasible solution: x[28]=-7/5000000000000000
33: 2, obj: 403926.294900, new basis count: 2
infeasible solution: x[28]=-7/5000000000000000
34: 2, obj: 392333.537874, new basis count: 2
preprocess finished
obj value = 392333.537874
found 0!! This update won't improve obj value
prev basis k(41): 50; new basis k: 116

---------------------------------------------------------
----------0: replacing k(41) with new_col(116)-----------
-----------------------------------------------------------

Solving 3 linear equations time: 	0.001879
Search k and new_col time: 		0.002101

	time     	L_nnz 	sum(Lb) 	U_nnz 		sum(Ub)

LLU: 	0.001091 	105   	180460    	226   	407504
LUU: 	0.000059 	110   	179457    	207   	376639
LLU/LUU: 18.4915 	0.9545 	1.0056    	1.0918   	1.0819

obj value = 392333.537874
prev basis k(38): 129; new basis k: 102

---------------------------------------------------------
----------1: replacing k(38) with new_col(102)-----------
-----------------------------------------------------------

Solving 3 linear equations time: 	0.001840
Search k and new_col time: 		0.002069

	time     	L_nnz 	sum(Lb) 	U_nnz 		sum(Ub)

LLU: 	0.001616 	126   	231427    	233   	408568
"LUU_lb": 0.000804 	125   	225287    	242   	431747
LUU: 	0.000708 	129   	223251    	221   	401224
LLU/LUU: 2.2825 	0.9767 	1.0366    	1.0543   	1.0183


SPEX Left LU Factorization time: 	0.001616
"lower bound" of SPEX LU Update time: 	0.000804
SPEX LU Update time: 			0.000708


time of Left LU/ time of update: 	2.282486

obj value = 390747.262392
prev basis k(23): 23; new basis k: 48

---------------------------------------------------------
----------2: replacing k(23) with new_col(48)-----------
-----------------------------------------------------------

Solving 3 linear equations time: 	0.001965
Search k and new_col time: 		0.002197

	time     	L_nnz 	sum(Lb) 	U_nnz 		sum(Ub)

LLU: 	0.001130 	113   	192290    	227   	397469
"LUU_lb": 0.000300 	132   	248496    	238   	421439
LUU: 	0.000168 	130   	226149    	224   	409969
LLU/LUU: 6.7262 	0.8692 	0.8503    	1.0134   	0.9695


SPEX Left LU Factorization time: 	0.002746
"lower bound" of SPEX LU Update time: 	0.001104
SPEX LU Update time: 			0.000876


time of Left LU/ time of update: 	3.134703

obj value = 377863.836755
prev basis k(9): 108; new basis k: 86

---------------------------------------------------------
----------3: replacing k(9) with new_col(86)-----------
-----------------------------------------------------------

Solving 3 linear equations time: 	0.002184
Search k and new_col time: 		0.002391

	time     	L_nnz 	sum(Lb) 	U_nnz 		sum(Ub)

LLU: 	0.001117 	112   	193310    	222   	391448
"LUU_lb": 0.000221 	116   	200787    	226   	397642
LUU: 	0.000392 	134   	232356    	239   	433747
LLU/LUU: 2.8495 	0.8358 	0.8320    	0.9289   	0.9025


SPEX Left LU Factorization time: 	0.003863
"lower bound" of SPEX LU Update time: 	0.001325
SPEX LU Update time: 			0.001268


time of Left LU/ time of update: 	3.046530

obj value = 370325.130120
prev basis k(46): 128; new basis k: 114

---------------------------------------------------------
----------4: replacing k(46) with new_col(114)-----------
-----------------------------------------------------------

Solving 3 linear equations time: 	0.002301
Search k and new_col time: 		0.002538

	time     	L_nnz 	sum(Lb) 	U_nnz 		sum(Ub)

LLU: 	0.001549 	124   	211698    	243   	437478
"LUU_lb": 0.001000 	123   	220403    	250   	462890
LUU: 	0.000999 	147   	261475    	256   	480478
LLU/LUU: 1.5506 	0.8435 	0.8096    	0.9492   	0.9105


SPEX Left LU Factorization time: 	0.005412
"lower bound" of SPEX LU Update time: 	0.002325
SPEX LU Update time: 			0.002267


time of Left LU/ time of update: 	2.387296

obj value = 368785.516287
prev basis k(5): 5; new basis k: 33

---------------------------------------------------------
----------5: replacing k(5) with new_col(33)-----------
-----------------------------------------------------------

Solving 3 linear equations time: 	0.002618
Search k and new_col time: 		0.002844

	time     	L_nnz 	sum(Lb) 	U_nnz 		sum(Ub)

LLU: 	0.001247 	131   	213639    	243   	416229
"LUU_lb": 0.000531 	143   	251576    	247   	450562
LUU: 	0.000499 	156   	273291    	269   	512149
LLU/LUU: 2.4990 	0.8397 	0.7817    	0.9033   	0.8127


SPEX Left LU Factorization time: 	0.006659
"lower bound" of SPEX LU Update time: 	0.002856
SPEX LU Update time: 			0.002766


time of Left LU/ time of update: 	2.407448

obj value = 364559.451447
prev basis k(19): 19; new basis k: 95

---------------------------------------------------------
----------6: replacing k(19) with new_col(95)-----------
-----------------------------------------------------------

Solving 3 linear equations time: 	0.002401
Search k and new_col time: 		0.002615

	time     	L_nnz 	sum(Lb) 	U_nnz 		sum(Ub)

LLU: 	0.001427 	143   	242478    	243   	417916
"LUU_lb": 0.000269 	142   	242691    	242   	415058
LUU: 	0.000436 	168   	301544    	270   	514340
LLU/LUU: 3.2729 	0.8512 	0.8041    	0.9000   	0.8125


SPEX Left LU Factorization time: 	0.008086
"lower bound" of SPEX LU Update time: 	0.003125
SPEX LU Update time: 			0.003202


time of Left LU/ time of update: 	2.525297

obj value = 360788.845170
prev basis k(5): 33; new basis k: 110

---------------------------------------------------------
----------7: replacing k(5) with new_col(110)-----------
-----------------------------------------------------------

Solving 3 linear equations time: 	0.002675
Search k and new_col time: 		0.002889

	time     	L_nnz 	sum(Lb) 	U_nnz 		sum(Ub)

LLU: 	0.001577 	147   	245817    	255   	440607
"LUU_lb": 0.000488 	157   	275048    	243   	412688
LUU: 	0.000350 	168   	297609    	276   	516481
LLU/LUU: 4.5057 	0.8750 	0.8260    	0.9239   	0.8531


SPEX Left LU Factorization time: 	0.009663
"lower bound" of SPEX LU Update time: 	0.003613
SPEX LU Update time: 			0.003552


time of Left LU/ time of update: 	2.720439

obj value = 359951.580536
prev basis k(43): 54; new basis k: 80

---------------------------------------------------------
----------8: replacing k(43) with new_col(80)-----------
-----------------------------------------------------------

Solving 3 linear equations time: 	0.003025
Search k and new_col time: 		0.003252

	time     	L_nnz 	sum(Lb) 	U_nnz 		sum(Ub)

LLU: 	0.001523 	140   	249506    	248   	438966
"LUU_lb": 0.000378 	152   	278471    	254   	448124
LUU: 	0.000737 	174   	316643    	286   	525948
LLU/LUU: 2.0665 	0.8046 	0.7880    	0.8671   	0.8346


SPEX Left LU Factorization time: 	0.011186
"lower bound" of SPEX LU Update time: 	0.003991
SPEX LU Update time: 			0.004289


time of Left LU/ time of update: 	2.608067

obj value = 354058.495537
prev basis k(55): 75; new basis k: 101

---------------------------------------------------------
----------9: replacing k(55) with new_col(101)-----------
-----------------------------------------------------------

Solving 3 linear equations time: 	0.003193
Search k and new_col time: 		0.003462

	time     	L_nnz 	sum(Lb) 	U_nnz 		sum(Ub)

LLU: 	0.001583 	141   	250728    	259   	457633
"LUU_lb": 0.000515 	140   	259308    	262   	458674
LUU: 	0.000350 	179   	328288    	293   	536314
LLU/LUU: 4.5229 	0.7877 	0.7637    	0.8840   	0.8533


SPEX Left LU Factorization time: 	0.012769
"lower bound" of SPEX LU Update time: 	0.004506
SPEX LU Update time: 			0.004639


time of Left LU/ time of update: 	2.752533

obj value = 338206.936830
prev basis k(30): 30; new basis k: 77

---------------------------------------------------------
----------10: replacing k(30) with new_col(77)-----------
-----------------------------------------------------------

Solving 3 linear equations time: 	0.003311
Search k and new_col time: 		0.003576

	time     	L_nnz 	sum(Lb) 	U_nnz 		sum(Ub)

LLU: 	0.002016 	156   	265091    	265   	465708
"LUU_lb": 0.000845 	159   	292713    	270   	481220
LUU: 	0.001324 	201   	375796    	316   	578906
LLU/LUU: 1.5227 	0.7761 	0.7054    	0.8386   	0.8045


SPEX Left LU Factorization time: 	0.014785
"lower bound" of SPEX LU Update time: 	0.005351
SPEX LU Update time: 			0.005963


time of Left LU/ time of update: 	2.479457

obj value = 336775.311108
prev basis k(13): 13; new basis k: 129

---------------------------------------------------------
----------11: replacing k(13) with new_col(129)-----------
-----------------------------------------------------------

Solving 3 linear equations time: 	0.003355
Search k and new_col time: 		0.003740

	time     	L_nnz 	sum(Lb) 	U_nnz 		sum(Ub)

LLU: 	0.001547 	146   	248614    	263   	452144
"LUU_lb": 0.000682 	174   	304500    	275   	488484
LUU: 	0.000179 	202   	380702    	318   	573915
LLU/LUU: 8.6425 	0.7228 	0.6530    	0.8270   	0.7878


SPEX Left LU Factorization time: 	0.016332
"lower bound" of SPEX LU Update time: 	0.006033
SPEX LU Update time: 			0.006142


time of Left LU/ time of update: 	2.659069

obj value = 330951.525867
prev basis k(18): 109; new basis k: 68

---------------------------------------------------------
----------12: replacing k(18) with new_col(68)-----------
-----------------------------------------------------------

Solving 3 linear equations time: 	0.003653
Search k and new_col time: 		0.003953

	time     	L_nnz 	sum(Lb) 	U_nnz 		sum(Ub)

LLU: 	0.001417 	149   	226399    	251   	400781
"LUU_lb": 0.000582 	156   	277473    	260   	446992
LUU: 	0.002012 	208   	393174    	381   	694218
LLU/LUU: 0.7043 	0.7163 	0.5758    	0.6588   	0.5773


SPEX Left LU Factorization time: 	0.017749
"lower bound" of SPEX LU Update time: 	0.006615
SPEX LU Update time: 			0.008154


time of Left LU/ time of update: 	2.176723

obj value = 329977.022525
prev basis k(32): 47; new basis k: 33

---------------------------------------------------------
----------13: replacing k(32) with new_col(33)-----------
-----------------------------------------------------------

Solving 3 linear equations time: 	0.004153
Search k and new_col time: 		0.004514

	time     	L_nnz 	sum(Lb) 	U_nnz 		sum(Ub)

LLU: 	0.001920 	151   	233909    	266   	436736
"LUU_lb": 0.000672 	165   	262662    	252   	408763
LUU: 	0.002078 	213   	397611    	362   	653646
LLU/LUU: 0.9240 	0.7089 	0.5883    	0.7348   	0.6682


SPEX Left LU Factorization time: 	0.019669
"lower bound" of SPEX LU Update time: 	0.007287
SPEX LU Update time: 			0.010232


time of Left LU/ time of update: 	1.922303

obj value = 329234.478742
prev basis k(2): 78; new basis k: 133

---------------------------------------------------------
----------14: replacing k(2) with new_col(133)-----------
-----------------------------------------------------------

Solving 3 linear equations time: 	0.004015
Search k and new_col time: 		0.004369

	time     	L_nnz 	sum(Lb) 	U_nnz 		sum(Ub)

LLU: 	0.002169 	143   	227759    	274   	479735
"LUU_lb": 0.000706 	158   	271035    	269   	438473
LUU: 	0.001409 	221   	412508    	366   	657515
LLU/LUU: 1.5394 	0.6471 	0.5521    	0.7486   	0.7296


SPEX Left LU Factorization time: 	0.021838
"lower bound" of SPEX LU Update time: 	0.007993
SPEX LU Update time: 			0.011641


time of Left LU/ time of update: 	1.875956

obj value = 326919.540011
prev basis k(32): 33; new basis k: 92

---------------------------------------------------------
----------15: replacing k(32) with new_col(92)-----------
-----------------------------------------------------------

Solving 3 linear equations time: 	0.003616
Search k and new_col time: 		0.003837

	time     	L_nnz 	sum(Lb) 	U_nnz 		sum(Ub)

LLU: 	0.002026 	151   	274752    	269   	466990
"LUU_lb": 0.000759 	155   	253984    	277   	486233
LUU: 	0.000398 	222   	412412    	365   	649017
LLU/LUU: 5.0905 	0.6802 	0.6662    	0.7370   	0.7195


SPEX Left LU Factorization time: 	0.023864
"lower bound" of SPEX LU Update time: 	0.008752
SPEX LU Update time: 			0.012039


time of Left LU/ time of update: 	1.982224

obj value = 324516.493374
prev basis k(46): 114; new basis k: 65

---------------------------------------------------------
----------16: replacing k(46) with new_col(65)-----------
-----------------------------------------------------------

Solving 3 linear equations time: 	0.003941
Search k and new_col time: 		0.004150

	time     	L_nnz 	sum(Lb) 	U_nnz 		sum(Ub)

LLU: 	0.001702 	147   	264591    	259   	443787
"LUU_lb": 0.000669 	153   	279713    	283   	503251
LUU: 	0.000839 	225   	419976    	365   	643580
LLU/LUU: 2.0286 	0.6533 	0.6300    	0.7096   	0.6896


SPEX Left LU Factorization time: 	0.025566
"lower bound" of SPEX LU Update time: 	0.009421
SPEX LU Update time: 			0.012878


time of Left LU/ time of update: 	1.985246

obj value = 323203.905164
prev basis k(42): 53; new basis k: 33

---------------------------------------------------------
----------17: replacing k(42) with new_col(33)-----------
-----------------------------------------------------------

Solving 3 linear equations time: 	0.003789
Search k and new_col time: 		0.004021

	time     	L_nnz 	sum(Lb) 	U_nnz 		sum(Ub)

LLU: 	0.001477 	137   	246102    	253   	437869
"LUU_lb": 0.000690 	153   	291847    	251   	430273
LUU: 	0.001762 	237   	444215    	378   	670375
LLU/LUU: 0.8383 	0.5781 	0.5540    	0.6693   	0.6532


SPEX Left LU Factorization time: 	0.027043
"lower bound" of SPEX LU Update time: 	0.010111
SPEX LU Update time: 			0.014640


time of Left LU/ time of update: 	1.847199

obj value = 322861.408478
prev basis k(42): 33; new basis k: 108

---------------------------------------------------------
----------18: replacing k(42) with new_col(108)-----------
-----------------------------------------------------------

Solving 3 linear equations time: 	0.003735
Search k and new_col time: 		0.003977

	time     	L_nnz 	sum(Lb) 	U_nnz 		sum(Ub)

LLU: 	0.001813 	152   	273443    	261   	451417
"LUU_lb": 0.000606 	152   	281975    	257   	450309
LUU: 	0.000478 	237   	440015    	381   	668166
LLU/LUU: 3.7929 	0.6414 	0.6214    	0.6850   	0.6756


SPEX Left LU Factorization time: 	0.028856
"lower bound" of SPEX LU Update time: 	0.010717
SPEX LU Update time: 			0.015118


time of Left LU/ time of update: 	1.908718

obj value = 322619.508209
prev basis k(1): 93; new basis k: 100

---------------------------------------------------------
----------19: replacing k(1) with new_col(100)-----------
-----------------------------------------------------------

Solving 3 linear equations time: 	0.004180
Search k and new_col time: 		0.004443

	time     	L_nnz 	sum(Lb) 	U_nnz 		sum(Ub)

LLU: 	0.002868 	162   	267789    	310   	516400
"LUU_lb": 0.000676 	156   	289796    	277   	484966
LUU: 	0.001639 	241   	447593    	394   	692404
LLU/LUU: 1.7498 	0.6722 	0.5983    	0.7868   	0.7458


SPEX Left LU Factorization time: 	0.031724
"lower bound" of SPEX LU Update time: 	0.011393
SPEX LU Update time: 			0.016757


time of Left LU/ time of update: 	1.893179

obj value = 321169.545440
prev basis k(9): 86; new basis k: 26

---------------------------------------------------------
----------20: replacing k(9) with new_col(26)-----------
-----------------------------------------------------------

Solving 3 linear equations time: 	0.003943
Search k and new_col time: 		0.004280

	time     	L_nnz 	sum(Lb) 	U_nnz 		sum(Ub)

LLU: 	0.002827 	154   	247591    	291   	506708
"LUU_lb": 0.001317 	163   	307709    	325   	605377
LUU: 	0.001191 	240   	445623    	370   	645613
LLU/LUU: 2.3736 	0.6417 	0.5556    	0.7865   	0.7848


SPEX Left LU Factorization time: 	0.034551
"lower bound" of SPEX LU Update time: 	0.012710
SPEX LU Update time: 			0.017948


time of Left LU/ time of update: 	1.925061

obj value = 318628.547753
prev basis k(29): 29; new basis k: 70

---------------------------------------------------------
----------21: replacing k(29) with new_col(70)-----------
-----------------------------------------------------------

Solving 3 linear equations time: 	0.003804
Search k and new_col time: 		0.004018

	time     	L_nnz 	sum(Lb) 	U_nnz 		sum(Ub)

LLU: 	0.002922 	163   	261122    	293   	504625
"LUU_lb": 0.000928 	174   	292525    	296   	514415
LUU: 	0.000823 	248   	464021    	387   	685387
LLU/LUU: 3.5504 	0.6573 	0.5627    	0.7571   	0.7363


SPEX Left LU Factorization time: 	0.037473
"lower bound" of SPEX LU Update time: 	0.013638
SPEX LU Update time: 			0.018771


time of Left LU/ time of update: 	1.996324

obj value = 298598.818261
prev basis k(26): 107; new basis k: 27

---------------------------------------------------------
----------22: replacing k(26) with new_col(27)-----------
-----------------------------------------------------------

Solving 3 linear equations time: 	0.004176
Search k and new_col time: 		0.004465

	time     	L_nnz 	sum(Lb) 	U_nnz 		sum(Ub)

LLU: 	0.002270 	147   	238616    	272   	463087
"LUU_lb": 0.000708 	165   	282425    	316   	576856
LUU: 	0.001439 	248   	460034    	383   	668314
LLU/LUU: 1.5775 	0.5927 	0.5187    	0.7102   	0.6929


SPEX Left LU Factorization time: 	0.039743
"lower bound" of SPEX LU Update time: 	0.014346
SPEX LU Update time: 			0.020210


time of Left LU/ time of update: 	1.966502

obj value = 294835.902496
prev basis k(49): 126; new basis k: 33

---------------------------------------------------------
----------23: replacing k(49) with new_col(33)-----------
-----------------------------------------------------------

Solving 3 linear equations time: 	0.004071
Search k and new_col time: 		0.004335

	time     	L_nnz 	sum(Lb) 	U_nnz 		sum(Ub)

LLU: 	0.001979 	127   	226229    	275   	481969
"LUU_lb": 0.000415 	148   	252418    	288   	510804
LUU: 	0.001431 	262   	493212    	389   	678483
LLU/LUU: 1.3829 	0.4847 	0.4587    	0.7069   	0.7104


SPEX Left LU Factorization time: 	0.041722
"lower bound" of SPEX LU Update time: 	0.014761
SPEX LU Update time: 			0.021641


time of Left LU/ time of update: 	1.927915

obj value = 281763.324860
prev basis k(15): 105; new basis k: 5

---------------------------------------------------------
----------24: replacing k(15) with new_col(5)-----------
-----------------------------------------------------------

Solving 3 linear equations time: 	0.003793
Search k and new_col time: 		0.004045

	time     	L_nnz 	sum(Lb) 	U_nnz 		sum(Ub)

LLU: 	0.001472 	106   	179177    	251   	442138
"LUU_lb": 0.000227 	127   	227028    	279   	492082
LUU: 	0.002110 	267   	507824    	389   	675329
LLU/LUU: 0.6976 	0.3970 	0.3528    	0.6452   	0.6547


SPEX Left LU Factorization time: 	0.043194
"lower bound" of SPEX LU Update time: 	0.014988
SPEX LU Update time: 			0.023751


time of Left LU/ time of update: 	1.818618

obj value = 280254.805144
prev basis k(21): 21; new basis k: 39

---------------------------------------------------------
----------25: replacing k(21) with new_col(39)-----------
-----------------------------------------------------------

Solving 3 linear equations time: 	0.004396
Search k and new_col time: 		0.004659

	time     	L_nnz 	sum(Lb) 	U_nnz 		sum(Ub)

LLU: 	0.001314 	104   	171172    	248   	426232
"LUU_lb": 0.000701 	121   	217513    	258   	456968
LUU: 	0.001222 	280   	530828    	411   	710457
LLU/LUU: 1.0753 	0.3714 	0.3225    	0.6034   	0.5999


SPEX Left LU Factorization time: 	0.044508
"lower bound" of SPEX LU Update time: 	0.015689
SPEX LU Update time: 			0.024973


time of Left LU/ time of update: 	1.782245

obj value = 267879.460672
prev basis k(10): 10; new basis k: 126

---------------------------------------------------------
----------26: replacing k(10) with new_col(126)-----------
-----------------------------------------------------------

Solving 3 linear equations time: 	0.004559
Search k and new_col time: 		0.004788

	time     	L_nnz 	sum(Lb) 	U_nnz 		sum(Ub)

LLU: 	0.001650 	111   	192336    	249   	426335
"LUU_lb": 0.000612 	121   	214768    	253   	445079
LUU: 	0.001204 	291   	552505    	431   	751074
LLU/LUU: 1.3704 	0.3814 	0.3481    	0.5777   	0.5676


SPEX Left LU Factorization time: 	0.046158
"lower bound" of SPEX LU Update time: 	0.016301
SPEX LU Update time: 			0.026177


time of Left LU/ time of update: 	1.763304

obj value = 263670.357463
prev basis k(50): 127; new basis k: 63

---------------------------------------------------------
----------27: replacing k(50) with new_col(63)-----------
-----------------------------------------------------------

Solving 3 linear equations time: 	0.004661
Search k and new_col time: 		0.004865

	time     	L_nnz 	sum(Lb) 	U_nnz 		sum(Ub)

LLU: 	0.001493 	104   	175992    	259   	446295
"LUU_lb": 0.000230 	117   	211216    	254   	440054
LUU: 	0.000961 	299   	562664    	449   	777711
LLU/LUU: 1.5536 	0.3478 	0.3128    	0.5768   	0.5739


SPEX Left LU Factorization time: 	0.047651
"lower bound" of SPEX LU Update time: 	0.016531
SPEX LU Update time: 			0.027138


time of Left LU/ time of update: 	1.755877

obj value = 263541.047099
prev basis k(44): 55; new basis k: 49

---------------------------------------------------------
----------28: replacing k(44) with new_col(49)-----------
-----------------------------------------------------------

Solving 3 linear equations time: 	0.005043
Search k and new_col time: 		0.005305

	time     	L_nnz 	sum(Lb) 	U_nnz 		sum(Ub)

LLU: 	0.001468 	121   	195330    	262   	440655
"LUU_lb": 0.000667 	122   	219308    	264   	466351
LUU: 	0.002120 	275   	496322    	450   	753903
LLU/LUU: 0.6925 	0.4400 	0.3936    	0.5822   	0.5845


SPEX Left LU Factorization time: 	0.049119
"lower bound" of SPEX LU Update time: 	0.017198
SPEX LU Update time: 			0.029258


time of Left LU/ time of update: 	1.678823

obj value = 263355.888608
prev basis k(9): 26; new basis k: 114

---------------------------------------------------------
----------29: replacing k(9) with new_col(114)-----------
-----------------------------------------------------------

Solving 3 linear equations time: 	0.004500
Search k and new_col time: 		0.004702

	time     	L_nnz 	sum(Lb) 	U_nnz 		sum(Ub)

LLU: 	0.002533 	143   	252632    	289   	499892
"LUU_lb": 0.000633 	130   	213977    	272   	442839
LUU: 	0.001055 	276   	496105    	463   	772322
LLU/LUU: 2.4009 	0.5181 	0.5092    	0.6242   	0.6473


SPEX Left LU Factorization time: 	0.051652
"lower bound" of SPEX LU Update time: 	0.017831
SPEX LU Update time: 			0.030313


time of Left LU/ time of update: 	1.703955

obj value = 262994.668357
prev basis k(1): 100; new basis k: 86

---------------------------------------------------------
----------30: replacing k(1) with new_col(86)-----------
-----------------------------------------------------------

Solving 3 linear equations time: 	0.004903
Search k and new_col time: 		0.005124

	time     	L_nnz 	sum(Lb) 	U_nnz 		sum(Ub)

LLU: 	0.001785 	135   	218924    	268   	440470
"LUU_lb": 0.001242 	143   	255484    	294   	504368
LUU: 	0.001309 	271   	483301    	459   	755501
LLU/LUU: 1.3636 	0.4982 	0.4530    	0.5839   	0.5830


SPEX Left LU Factorization time: 	0.053437
"lower bound" of SPEX LU Update time: 	0.019073
SPEX LU Update time: 			0.031622


time of Left LU/ time of update: 	1.689868

obj value = 260787.178356
prev basis k(23): 48; new basis k: 47

---------------------------------------------------------
----------31: replacing k(23) with new_col(47)-----------
-----------------------------------------------------------

Solving 3 linear equations time: 	0.003965
Search k and new_col time: 		0.004169

	time     	L_nnz 	sum(Lb) 	U_nnz 		sum(Ub)

LLU: 	0.002079 	135   	244830    	259   	436900
"LUU_lb": 0.000645 	134   	216992    	269   	439313
LUU: 	0.001782 	268   	477499    	454   	728244
LLU/LUU: 1.1667 	0.5037 	0.5127    	0.5705   	0.5999


SPEX Left LU Factorization time: 	0.055516
"lower bound" of SPEX LU Update time: 	0.019718
SPEX LU Update time: 			0.033404


time of Left LU/ time of update: 	1.661957

obj value = 260732.849084
prev basis k(13): 129; new basis k: 106

---------------------------------------------------------
----------32: replacing k(13) with new_col(106)-----------
-----------------------------------------------------------

Solving 3 linear equations time: 	0.004089
Search k and new_col time: 		0.004319

	time     	L_nnz 	sum(Lb) 	U_nnz 		sum(Ub)

LLU: 	0.002221 	158   	247393    	267   	448766
"LUU_lb": 0.000909 	153   	286680    	266   	451909
LUU: 	0.000528 	268   	477308    	472   	765169
LLU/LUU: 4.2064 	0.5896 	0.5183    	0.5657   	0.5865


SPEX Left LU Factorization time: 	0.057737
"lower bound" of SPEX LU Update time: 	0.020627
SPEX LU Update time: 			0.033932


time of Left LU/ time of update: 	1.701550

obj value = 260462.376650
prev basis k(20): 3; new basis k: 120

---------------------------------------------------------
----------33: replacing k(20) with new_col(120)-----------
-----------------------------------------------------------

Solving 3 linear equations time: 	0.003888
Search k and new_col time: 		0.004085

	time     	L_nnz 	sum(Lb) 	U_nnz 		sum(Ub)

LLU: 	0.002193 	159   	247195    	258   	432658
"LUU_lb": 0.000255 	165   	262150    	266   	438668
LUU: 	0.000928 	290   	516335    	485   	781360
LLU/LUU: 2.3631 	0.5483 	0.4787    	0.5320   	0.5537


SPEX Left LU Factorization time: 	0.059930
"lower bound" of SPEX LU Update time: 	0.020882
SPEX LU Update time: 			0.034860


time of Left LU/ time of update: 	1.719162

obj value = 260109.576650
prev basis k(19): 95; new basis k: 36

---------------------------------------------------------
----------34: replacing k(19) with new_col(36)-----------
-----------------------------------------------------------

Solving 3 linear equations time: 	0.003923
Search k and new_col time: 		0.004129

	time     	L_nnz 	sum(Lb) 	U_nnz 		sum(Ub)

LLU: 	0.002025 	148   	222835    	258   	430384
"LUU_lb": 0.000152 	161   	255457    	257   	437101
LUU: 	0.000240 	296   	530760    	478   	771918
LLU/LUU: 8.4375 	0.5000 	0.4198    	0.5397   	0.5576


SPEX Left LU Factorization time: 	0.061955
"lower bound" of SPEX LU Update time: 	0.021034
SPEX LU Update time: 			0.035100


time of Left LU/ time of update: 	1.765100

obj value = 258592.270633
prev basis k(9): 114; new basis k: 26

---------------------------------------------------------
----------35: replacing k(9) with new_col(26)-----------
-----------------------------------------------------------

Solving 3 linear equations time: 	0.003955
Search k and new_col time: 		0.004146

	time     	L_nnz 	sum(Lb) 	U_nnz 		sum(Ub)

LLU: 	0.001570 	126   	200634    	272   	440806
"LUU_lb": 0.000446 	149   	240881    	261   	448017
LUU: 	0.000464 	294   	524950    	462   	741353
LLU/LUU: 3.3836 	0.4286 	0.3822    	0.5887   	0.5946


SPEX Left LU Factorization time: 	0.063525
"lower bound" of SPEX LU Update time: 	0.021480
SPEX LU Update time: 			0.035564


time of Left LU/ time of update: 	1.786216

obj value = 258531.272529
prev basis k(18): 68; new basis k: 69

---------------------------------------------------------
----------36: replacing k(18) with new_col(69)-----------
-----------------------------------------------------------

Solving 3 linear equations time: 	0.004403
Search k and new_col time: 		0.004601

	time     	L_nnz 	sum(Lb) 	U_nnz 		sum(Ub)

LLU: 	0.001599 	126   	202879    	260   	423285
"LUU_lb": 0.001038 	124   	209769    	304   	540288
LUU: 	0.001423 	293   	523476    	470   	773833
LLU/LUU: 1.1237 	0.4300 	0.3876    	0.5532   	0.5470


SPEX Left LU Factorization time: 	0.065124
"lower bound" of SPEX LU Update time: 	0.022518
SPEX LU Update time: 			0.036987


time of Left LU/ time of update: 	1.760727

obj value = 258516.781491
prev basis k(43): 80; new basis k: 82

---------------------------------------------------------
----------37: replacing k(43) with new_col(82)-----------
-----------------------------------------------------------

Solving 3 linear equations time: 	0.004704
Search k and new_col time: 		0.004923

	time     	L_nnz 	sum(Lb) 	U_nnz 		sum(Ub)

LLU: 	0.001609 	127   	203438    	263   	428498
"LUU_lb": 0.000115 	126   	202876    	261   	424292
LUU: 	0.002004 	283   	494080    	427   	690696
LLU/LUU: 0.8029 	0.4488 	0.4118    	0.6159   	0.6204


SPEX Left LU Factorization time: 	0.066733
"lower bound" of SPEX LU Update time: 	0.022633
SPEX LU Update time: 			0.038991


time of Left LU/ time of update: 	1.711498

obj value = 258346.862438
prev basis k(17): 66; new basis k: 67

---------------------------------------------------------
----------38: replacing k(17) with new_col(67)-----------
-----------------------------------------------------------

Solving 3 linear equations time: 	0.003856
Search k and new_col time: 		0.004073

	time     	L_nnz 	sum(Lb) 	U_nnz 		sum(Ub)

LLU: 	0.001560 	127   	201377    	265   	436244
"LUU_lb": 0.001138 	124   	209306    	299   	535878
LUU: 	0.002002 	290   	510331    	448   	723090
LLU/LUU: 0.7792 	0.4379 	0.3946    	0.5915   	0.6033


SPEX Left LU Factorization time: 	0.068293
"lower bound" of SPEX LU Update time: 	0.023771
SPEX LU Update time: 			0.040993


time of Left LU/ time of update: 	1.665967

obj value = 258314.533678
optimal solution found!
