reading file TestMats/LPnetlib/lp_fit1d/lp_fit1d.mtx
reading file TestMats/LPnetlib/lp_fit1d/lp_fit1d_b.mtx
reading file TestMats/LPnetlib/lp_fit1d/lp_fit1d_c.mtx
reading file TestMats/LPnetlib/lp_fit1d/lp_fit1d_lo.mtx
reading file TestMats/LPnetlib/lp_fit1d/lp_fit1d_hi.mtx
m=24 n=1049 fixed_var=0 nz=13427 real_nnz=13427
Constructing initial basis...
Size of triangular part is 24
getting initial basic variables....
OPT(5) FEAS(2) INFEAS(3) NOFEAS(4) UNBND(6) UNDEF(1)
0: 2, obj: 0.000000
preprocess finished
obj value = 0.000000
found 0!! This update won't improve obj value
prev basis k(1): 1; new basis k: 188

---------------------------------------------------------
----------0: replacing k(1) with new_col(188)-----------
-----------------------------------------------------------

Solving 3 linear equations time: 	0.000214
Search k and new_col time: 		0.005563

	time     	L_nnz 	sum(Lb) 	U_nnz 		sum(Ub)

LLU: 	0.000131 	37   	30088    	64   	45998
LUU: 	0.000103 	33   	26539    	69   	50561
LLU/LUU: 1.2718 	1.1212 	1.1337    	0.9275   	0.9098

obj value = 0.000000
found 0!! This update won't improve obj value
prev basis k(6): 6; new basis k: 417

---------------------------------------------------------
----------1: replacing k(6) with new_col(417)-----------
-----------------------------------------------------------

Solving 3 linear equations time: 	0.000202
Search k and new_col time: 		0.006260

	time     	L_nnz 	sum(Lb) 	U_nnz 		sum(Ub)

LLU: 	0.000188 	43   	32797    	74   	53794
"LUU_lb": 0.000071 	37   	30092    	73   	51935
LUU: 	0.000050 	33   	26546    	78   	56387
LLU/LUU: 3.7600 	1.3030 	1.2355    	0.9487   	0.9540


SPEX Left LU Factorization time: 	0.000188
"lower bound" of SPEX LU Update time: 	0.000071
SPEX LU Update time: 			0.000050


time of Left LU/ time of update: 	3.760000

obj value = 0.000000
found 0!! This update won't improve obj value
prev basis k(8): 8; new basis k: 663

---------------------------------------------------------
----------2: replacing k(8) with new_col(663)-----------
-----------------------------------------------------------

Solving 3 linear equations time: 	0.000221
Search k and new_col time: 		0.006632

	time     	L_nnz 	sum(Lb) 	U_nnz 		sum(Ub)

LLU: 	0.000198 	41   	34291    	83   	59216
"LUU_lb": 0.000173 	49   	38415    	84   	60353
LUU: 	0.000124 	38   	31939    	88   	62759
LLU/LUU: 1.5968 	1.0789 	1.0736    	0.9432   	0.9435


SPEX Left LU Factorization time: 	0.000386
"lower bound" of SPEX LU Update time: 	0.000244
SPEX LU Update time: 			0.000174


time of Left LU/ time of update: 	2.218391

obj value = 0.000000
found 0!! This update won't improve obj value
prev basis k(4): 4; new basis k: 867

---------------------------------------------------------
----------3: replacing k(4) with new_col(867)-----------
-----------------------------------------------------------

Solving 3 linear equations time: 	0.000256
Search k and new_col time: 		0.006987

	time     	L_nnz 	sum(Lb) 	U_nnz 		sum(Ub)

LLU: 	0.000263 	51   	43768    	92   	62664
"LUU_lb": 0.000182 	47   	40593    	95   	68983
LUU: 	0.000167 	44   	38580    	101   	73407
LLU/LUU: 1.5749 	1.1591 	1.1345    	0.9109   	0.8537


SPEX Left LU Factorization time: 	0.000649
"lower bound" of SPEX LU Update time: 	0.000426
SPEX LU Update time: 			0.000341


time of Left LU/ time of update: 	1.903226

obj value = 0.000000
found 0!! This update won't improve obj value
prev basis k(2): 2; new basis k: 519

---------------------------------------------------------
----------4: replacing k(2) with new_col(519)-----------
-----------------------------------------------------------

Solving 3 linear equations time: 	0.000299
Search k and new_col time: 		0.007361

	time     	L_nnz 	sum(Lb) 	U_nnz 		sum(Ub)

LLU: 	0.000298 	51   	43401    	103   	70017
"LUU_lb": 0.000219 	58   	50474    	103   	72230
LUU: 	0.000158 	48   	43048    	113   	83822
LLU/LUU: 1.8861 	1.0625 	1.0082    	0.9115   	0.8353


SPEX Left LU Factorization time: 	0.000947
"lower bound" of SPEX LU Update time: 	0.000645
SPEX LU Update time: 			0.000499


time of Left LU/ time of update: 	1.897796

obj value = 0.000000
found 0!! This update won't improve obj value
prev basis k(11): 11; new basis k: 752

---------------------------------------------------------
----------5: replacing k(11) with new_col(752)-----------
-----------------------------------------------------------

Solving 3 linear equations time: 	0.000337
Search k and new_col time: 		0.007713

	time     	L_nnz 	sum(Lb) 	U_nnz 		sum(Ub)

LLU: 	0.000336 	53   	44449    	116   	74351
"LUU_lb": 0.000180 	53   	45719    	117   	74805
LUU: 	0.000208 	55   	49978    	129   	86849
LLU/LUU: 1.6154 	0.9636 	0.8894    	0.8992   	0.8561


SPEX Left LU Factorization time: 	0.001283
"lower bound" of SPEX LU Update time: 	0.000825
SPEX LU Update time: 			0.000707


time of Left LU/ time of update: 	1.814710

obj value = 0.000000
found 0!! This update won't improve obj value
prev basis k(1): 188; new basis k: 279

---------------------------------------------------------
----------6: replacing k(1) with new_col(279)-----------
-----------------------------------------------------------

Solving 3 linear equations time: 	0.000373
Search k and new_col time: 		0.007650

	time     	L_nnz 	sum(Lb) 	U_nnz 		sum(Ub)

LLU: 	0.000373 	59   	49663    	121   	73166
"LUU_lb": 0.000267 	53   	44736    	117   	75737
LUU: 	0.000160 	55   	49968    	128   	81887
LLU/LUU: 2.3312 	1.0727 	0.9939    	0.9453   	0.8935


SPEX Left LU Factorization time: 	0.001656
"lower bound" of SPEX LU Update time: 	0.001092
SPEX LU Update time: 			0.000867


time of Left LU/ time of update: 	1.910035

obj value = 0.000000
found 0!! This update won't improve obj value
prev basis k(4): 867; new basis k: 950

---------------------------------------------------------
----------7: replacing k(4) with new_col(950)-----------
-----------------------------------------------------------

Solving 3 linear equations time: 	0.000374
Search k and new_col time: 		0.007537

	time     	L_nnz 	sum(Lb) 	U_nnz 		sum(Ub)

LLU: 	0.000375 	59   	49634    	120   	72037
"LUU_lb": 0.000241 	59   	49763    	120   	75525
LUU: 	0.000128 	55   	49946    	128   	81881
LLU/LUU: 2.9297 	1.0727 	0.9938    	0.9375   	0.8798


SPEX Left LU Factorization time: 	0.002031
"lower bound" of SPEX LU Update time: 	0.001333
SPEX LU Update time: 			0.000995


time of Left LU/ time of update: 	2.041206

obj value = 0.000000
found 0!! This update won't improve obj value
prev basis k(12): 12; new basis k: 907

---------------------------------------------------------
----------8: replacing k(12) with new_col(907)-----------
-----------------------------------------------------------

Solving 3 linear equations time: 	0.000368
Search k and new_col time: 		0.007238

	time     	L_nnz 	sum(Lb) 	U_nnz 		sum(Ub)

LLU: 	0.000397 	67   	53363    	125   	73906
"LUU_lb": 0.000269 	67   	56680    	130   	77515
LUU: 	0.000258 	64   	58040    	140   	89400
LLU/LUU: 1.5388 	1.0469 	0.9194    	0.8929   	0.8267


SPEX Left LU Factorization time: 	0.002428
"lower bound" of SPEX LU Update time: 	0.001602
SPEX LU Update time: 			0.001253


time of Left LU/ time of update: 	1.937749

obj value = 0.000000
found 0!! This update won't improve obj value
prev basis k(13): 13; new basis k: 810

---------------------------------------------------------
----------9: replacing k(13) with new_col(810)-----------
-----------------------------------------------------------

Solving 3 linear equations time: 	0.000422
Search k and new_col time: 		0.007977

	time     	L_nnz 	sum(Lb) 	U_nnz 		sum(Ub)

LLU: 	0.000435 	80   	63629    	124   	72015
"LUU_lb": 0.000236 	74   	59636    	134   	82269
LUU: 	0.000310 	74   	65806    	152   	94594
LLU/LUU: 1.4032 	1.0811 	0.9669    	0.8158   	0.7613


SPEX Left LU Factorization time: 	0.002863
"lower bound" of SPEX LU Update time: 	0.001838
SPEX LU Update time: 			0.001563


time of Left LU/ time of update: 	1.831734

obj value = 0.000000
found 0!! This update won't improve obj value
prev basis k(8): 663; new basis k: 865

---------------------------------------------------------
----------10: replacing k(8) with new_col(865)-----------
-----------------------------------------------------------

Solving 3 linear equations time: 	0.000472
Search k and new_col time: 		0.008683

	time     	L_nnz 	sum(Lb) 	U_nnz 		sum(Ub)

LLU: 	0.000436 	80   	63610    	123   	71076
"LUU_lb": 0.000218 	80   	63655    	122   	70911
LUU: 	0.000255 	74   	65774    	151   	93578
LLU/LUU: 1.7098 	1.0811 	0.9671    	0.8146   	0.7595


SPEX Left LU Factorization time: 	0.003299
"lower bound" of SPEX LU Update time: 	0.002056
SPEX LU Update time: 			0.001818


time of Left LU/ time of update: 	1.814631

obj value = 0.000000
found 0!! This update won't improve obj value
prev basis k(11): 752; new basis k: 664

---------------------------------------------------------
----------11: replacing k(11) with new_col(664)-----------
-----------------------------------------------------------

Solving 3 linear equations time: 	0.000479
Search k and new_col time: 		0.008663

	time     	L_nnz 	sum(Lb) 	U_nnz 		sum(Ub)

LLU: 	0.000431 	80   	63614    	123   	71512
"LUU_lb": 0.000168 	80   	63611    	122   	71510
LUU: 	0.000162 	74   	65759    	151   	93853
LLU/LUU: 2.6605 	1.0811 	0.9674    	0.8146   	0.7620


SPEX Left LU Factorization time: 	0.003730
"lower bound" of SPEX LU Update time: 	0.002224
SPEX LU Update time: 			0.001980


time of Left LU/ time of update: 	1.883838

obj value = 0.000000
found 0!! This update won't improve obj value
prev basis k(14): 14; new basis k: 990

---------------------------------------------------------
----------12: replacing k(14) with new_col(990)-----------
-----------------------------------------------------------

Solving 3 linear equations time: 	0.000473
Search k and new_col time: 		0.008497

	time     	L_nnz 	sum(Lb) 	U_nnz 		sum(Ub)

LLU: 	0.000469 	89   	68682    	129   	71019
"LUU_lb": 0.000302 	88   	69614    	136   	76881
LUU: 	0.000249 	79   	69453    	165   	98798
LLU/LUU: 1.8835 	1.1266 	0.9889    	0.7818   	0.7188


SPEX Left LU Factorization time: 	0.004199
"lower bound" of SPEX LU Update time: 	0.002526
SPEX LU Update time: 			0.002229


time of Left LU/ time of update: 	1.883804

obj value = 0.000000
found 0!! This update won't improve obj value
prev basis k(4): 950; new basis k: 752

---------------------------------------------------------
----------13: replacing k(4) with new_col(752)-----------
-----------------------------------------------------------

Solving 3 linear equations time: 	0.000507
Search k and new_col time: 		0.008561

	time     	L_nnz 	sum(Lb) 	U_nnz 		sum(Ub)

LLU: 	0.000484 	90   	71237    	129   	70960
"LUU_lb": 0.000297 	87   	69639    	128   	72688
LUU: 	0.000225 	78   	68388    	165   	98509
LLU/LUU: 2.1511 	1.1538 	1.0417    	0.7818   	0.7203


SPEX Left LU Factorization time: 	0.004683
"lower bound" of SPEX LU Update time: 	0.002823
SPEX LU Update time: 			0.002454


time of Left LU/ time of update: 	1.908313

obj value = 0.000000
found 0!! This update won't improve obj value
prev basis k(15): 15; new basis k: 672

---------------------------------------------------------
----------14: replacing k(15) with new_col(672)-----------
-----------------------------------------------------------

Solving 3 linear equations time: 	0.000501
Search k and new_col time: 		0.008574

	time     	L_nnz 	sum(Lb) 	U_nnz 		sum(Ub)

LLU: 	0.000581 	96   	74721    	140   	77359
"LUU_lb": 0.000321 	100   	79311    	139   	77619
LUU: 	0.000351 	89   	75937    	178   	101733
LLU/LUU: 1.6553 	1.0787 	0.9840    	0.7865   	0.7604


SPEX Left LU Factorization time: 	0.005264
"lower bound" of SPEX LU Update time: 	0.003144
SPEX LU Update time: 			0.002805


time of Left LU/ time of update: 	1.876649

obj value = 0.000000
found 0!! This update won't improve obj value
prev basis k(2): 519; new basis k: 875

---------------------------------------------------------
----------15: replacing k(2) with new_col(875)-----------
-----------------------------------------------------------

Solving 3 linear equations time: 	0.000546
Search k and new_col time: 		0.009128

	time     	L_nnz 	sum(Lb) 	U_nnz 		sum(Ub)

LLU: 	0.000562 	96   	70467    	142   	79316
"LUU_lb": 0.000347 	97   	75840    	136   	77488
LUU: 	0.000337 	90   	76909    	179   	101432
LLU/LUU: 1.6677 	1.0667 	0.9162    	0.7933   	0.7820


SPEX Left LU Factorization time: 	0.005826
"lower bound" of SPEX LU Update time: 	0.003491
SPEX LU Update time: 			0.003142


time of Left LU/ time of update: 	1.854233

obj value = 0.000000
found 0!! This update won't improve obj value
prev basis k(4): 752; new basis k: 950

---------------------------------------------------------
----------16: replacing k(4) with new_col(950)-----------
-----------------------------------------------------------

Solving 3 linear equations time: 	0.000559
Search k and new_col time: 		0.009042

	time     	L_nnz 	sum(Lb) 	U_nnz 		sum(Ub)

LLU: 	0.000562 	97   	70626    	140   	78550
"LUU_lb": 0.000376 	96   	72062    	134   	78759
LUU: 	0.000192 	90   	76918    	179   	101704
LLU/LUU: 2.9271 	1.0778 	0.9182    	0.7821   	0.7723


SPEX Left LU Factorization time: 	0.006388
"lower bound" of SPEX LU Update time: 	0.003867
SPEX LU Update time: 			0.003334


time of Left LU/ time of update: 	1.916017

obj value = 0.000000
found 0!! This update won't improve obj value
prev basis k(9): 9; new basis k: 520

---------------------------------------------------------
----------17: replacing k(9) with new_col(520)-----------
-----------------------------------------------------------

Solving 3 linear equations time: 	0.000596
Search k and new_col time: 		0.009175

	time     	L_nnz 	sum(Lb) 	U_nnz 		sum(Ub)

LLU: 	0.000679 	110   	78608    	145   	79888
"LUU_lb": 0.000369 	111   	79568    	144   	80932
LUU: 	0.000436 	103   	85225    	187   	108891
LLU/LUU: 1.5573 	1.0680 	0.9224    	0.7754   	0.7337


SPEX Left LU Factorization time: 	0.007067
"lower bound" of SPEX LU Update time: 	0.004236
SPEX LU Update time: 			0.003770


time of Left LU/ time of update: 	1.874536

obj value = 0.000000
found 0!! This update won't improve obj value
prev basis k(11): 664; new basis k: 594

---------------------------------------------------------
----------18: replacing k(11) with new_col(594)-----------
-----------------------------------------------------------

Solving 3 linear equations time: 	0.000601
Search k and new_col time: 		0.009555

	time     	L_nnz 	sum(Lb) 	U_nnz 		sum(Ub)

LLU: 	0.000689 	110   	79729    	143   	79445
"LUU_lb": 0.000263 	110   	79729    	143   	79401
LUU: 	0.000301 	103   	85250    	185   	107607
LLU/LUU: 2.2890 	1.0680 	0.9352    	0.7730   	0.7383


SPEX Left LU Factorization time: 	0.007756
"lower bound" of SPEX LU Update time: 	0.004499
SPEX LU Update time: 			0.004071


time of Left LU/ time of update: 	1.905183

obj value = 0.000000
found 0!! This update won't improve obj value
prev basis k(4): 950; new basis k: 867

---------------------------------------------------------
----------19: replacing k(4) with new_col(867)-----------
-----------------------------------------------------------

Solving 3 linear equations time: 	0.000604
Search k and new_col time: 		0.009685

	time     	L_nnz 	sum(Lb) 	U_nnz 		sum(Ub)

LLU: 	0.000702 	110   	79734    	144   	81453
"LUU_lb": 0.000427 	110   	81816    	139   	81748
LUU: 	0.000202 	103   	85224    	185   	107597
LLU/LUU: 3.4752 	1.0680 	0.9356    	0.7784   	0.7570


SPEX Left LU Factorization time: 	0.008458
"lower bound" of SPEX LU Update time: 	0.004926
SPEX LU Update time: 			0.004273


time of Left LU/ time of update: 	1.979406

obj value = 0.000000
found 0!! This update won't improve obj value
prev basis k(14): 990; new basis k: 775

---------------------------------------------------------
----------20: replacing k(14) with new_col(775)-----------
-----------------------------------------------------------

Solving 3 linear equations time: 	0.000605
Search k and new_col time: 		0.009822

	time     	L_nnz 	sum(Lb) 	U_nnz 		sum(Ub)

LLU: 	0.000636 	106   	72748    	152   	78265
"LUU_lb": 0.000164 	110   	79738    	142   	78141
LUU: 	0.000256 	103   	85212    	186   	108444
LLU/LUU: 2.4844 	1.0291 	0.8537    	0.8172   	0.7217


SPEX Left LU Factorization time: 	0.009094
"lower bound" of SPEX LU Update time: 	0.005090
SPEX LU Update time: 			0.004529


time of Left LU/ time of update: 	2.007949

obj value = 0.000000
found 0!! This update won't improve obj value
prev basis k(11): 594; new basis k: 752

---------------------------------------------------------
----------21: replacing k(11) with new_col(752)-----------
-----------------------------------------------------------

Solving 3 linear equations time: 	0.000602
Search k and new_col time: 		0.009953

	time     	L_nnz 	sum(Lb) 	U_nnz 		sum(Ub)

LLU: 	0.000675 	110   	79694    	146   	77854
"LUU_lb": 0.000235 	106   	72761    	151   	80446
LUU: 	0.000204 	103   	85198    	187   	108388
LLU/LUU: 3.3088 	1.0680 	0.9354    	0.7807   	0.7183


SPEX Left LU Factorization time: 	0.009769
"lower bound" of SPEX LU Update time: 	0.005325
SPEX LU Update time: 			0.004733


time of Left LU/ time of update: 	2.064019

obj value = 0.000000
found 0!! This update won't improve obj value
prev basis k(15): 672; new basis k: 593

---------------------------------------------------------
----------22: replacing k(15) with new_col(593)-----------
-----------------------------------------------------------

Solving 3 linear equations time: 	0.000602
Search k and new_col time: 		0.009789

	time     	L_nnz 	sum(Lb) 	U_nnz 		sum(Ub)

LLU: 	0.000492 	105   	77500    	150   	79753
"LUU_lb": 0.000377 	111   	81532    	139   	79427
LUU: 	0.000231 	103   	85240    	187   	108628
LLU/LUU: 2.1299 	1.0194 	0.9092    	0.8021   	0.7342


SPEX Left LU Factorization time: 	0.010261
"lower bound" of SPEX LU Update time: 	0.005702
SPEX LU Update time: 			0.004964


time of Left LU/ time of update: 	2.067083

obj value = 0.000000
found 0!! This update won't improve obj value
prev basis k(16): 16; new basis k: 330

---------------------------------------------------------
----------23: replacing k(16) with new_col(330)-----------
-----------------------------------------------------------

Solving 3 linear equations time: 	0.000435
Search k and new_col time: 		0.007086

	time     	L_nnz 	sum(Lb) 	U_nnz 		sum(Ub)

LLU: 	0.000560 	120   	83081    	160   	82562
"LUU_lb": 0.000230 	113   	83333    	157   	83678
LUU: 	0.000335 	117   	93850    	200   	114860
LLU/LUU: 1.6716 	1.0256 	0.8853    	0.8000   	0.7188


SPEX Left LU Factorization time: 	0.010821
"lower bound" of SPEX LU Update time: 	0.005932
SPEX LU Update time: 			0.005299


time of Left LU/ time of update: 	2.042083

obj value = 0.000000
found 0!! This update won't improve obj value
prev basis k(4): 867; new basis k: 950

---------------------------------------------------------
----------24: replacing k(4) with new_col(950)-----------
-----------------------------------------------------------

Solving 3 linear equations time: 	0.000468
Search k and new_col time: 		0.007438

	time     	L_nnz 	sum(Lb) 	U_nnz 		sum(Ub)

LLU: 	0.000541 	120   	83705    	160   	80972
"LUU_lb": 0.000352 	115   	83386    	162   	93998
LUU: 	0.000200 	117   	93825    	200   	114843
LLU/LUU: 2.7050 	1.0256 	0.8921    	0.8000   	0.7051


SPEX Left LU Factorization time: 	0.011362
"lower bound" of SPEX LU Update time: 	0.006284
SPEX LU Update time: 			0.005499


time of Left LU/ time of update: 	2.066194

obj value = 0.000000
found 0!! This update won't improve obj value
prev basis k(9): 520; new basis k: 490

---------------------------------------------------------
----------25: replacing k(9) with new_col(490)-----------
-----------------------------------------------------------

Solving 3 linear equations time: 	0.000470
Search k and new_col time: 		0.007524

	time     	L_nnz 	sum(Lb) 	U_nnz 		sum(Ub)

LLU: 	0.000547 	120   	83689    	159   	80105
"LUU_lb": 0.000230 	120   	84541    	152   	78176
LUU: 	0.000146 	117   	93820    	199   	114826
LLU/LUU: 3.7466 	1.0256 	0.8920    	0.7990   	0.6976


SPEX Left LU Factorization time: 	0.011909
"lower bound" of SPEX LU Update time: 	0.006514
SPEX LU Update time: 			0.005645


time of Left LU/ time of update: 	2.109655

obj value = 0.000000
found 0!! This update won't improve obj value
prev basis k(4): 950; new basis k: 867

---------------------------------------------------------
----------26: replacing k(4) with new_col(867)-----------
-----------------------------------------------------------

Solving 3 linear equations time: 	0.000468
Search k and new_col time: 		0.007623

	time     	L_nnz 	sum(Lb) 	U_nnz 		sum(Ub)

LLU: 	0.000564 	120   	83062    	159   	81693
"LUU_lb": 0.000333 	118   	84535    	149   	83220
LUU: 	0.000146 	117   	93811    	199   	114818
LLU/LUU: 3.8630 	1.0256 	0.8854    	0.7990   	0.7115


SPEX Left LU Factorization time: 	0.012473
"lower bound" of SPEX LU Update time: 	0.006847
SPEX LU Update time: 			0.005791


time of Left LU/ time of update: 	2.153859

obj value = 0.000000
found 0!! This update won't improve obj value
prev basis k(5): 5; new basis k: 519

---------------------------------------------------------
----------27: replacing k(5) with new_col(519)-----------
-----------------------------------------------------------

Solving 3 linear equations time: 	0.000471
Search k and new_col time: 		0.007362

	time     	L_nnz 	sum(Lb) 	U_nnz 		sum(Ub)

LLU: 	0.000633 	135   	91093    	163   	80468
"LUU_lb": 0.000316 	135   	91790    	164   	85124
LUU: 	0.000380 	132   	101697    	210   	120744
LLU/LUU: 1.6658 	1.0227 	0.8957    	0.7762   	0.6664


SPEX Left LU Factorization time: 	0.013106
"lower bound" of SPEX LU Update time: 	0.007163
SPEX LU Update time: 			0.006171


time of Left LU/ time of update: 	2.123805

obj value = 0.000000
found 0!! This update won't improve obj value
prev basis k(15): 593; new basis k: 950

---------------------------------------------------------
----------28: replacing k(15) with new_col(950)-----------
-----------------------------------------------------------

Solving 3 linear equations time: 	0.000518
Search k and new_col time: 		0.008245

	time     	L_nnz 	sum(Lb) 	U_nnz 		sum(Ub)

LLU: 	0.000674 	142   	89954    	168   	84025
"LUU_lb": 0.000147 	135   	91098    	161   	81102
LUU: 	0.000196 	132   	101702    	209   	120111
LLU/LUU: 3.4388 	1.0758 	0.8845    	0.8038   	0.6996


SPEX Left LU Factorization time: 	0.013780
"lower bound" of SPEX LU Update time: 	0.007310
SPEX LU Update time: 			0.006367


time of Left LU/ time of update: 	2.164285

obj value = 0.000000
found 0!! This update won't improve obj value
prev basis k(19): 19; new basis k: 594

---------------------------------------------------------
----------29: replacing k(19) with new_col(594)-----------
-----------------------------------------------------------

Solving 3 linear equations time: 	0.000506
Search k and new_col time: 		0.007972

	time     	L_nnz 	sum(Lb) 	U_nnz 		sum(Ub)

LLU: 	0.000727 	159   	97081    	184   	82643
"LUU_lb": 0.000330 	158   	97918    	175   	86653
LUU: 	0.000405 	148   	109507    	223   	126161
LLU/LUU: 1.7951 	1.0743 	0.8865    	0.8251   	0.6551


SPEX Left LU Factorization time: 	0.014507
"lower bound" of SPEX LU Update time: 	0.007640
SPEX LU Update time: 			0.006772


time of Left LU/ time of update: 	2.142203

obj value = 0.000000
found 0!! This update won't improve obj value
prev basis k(5): 519; new basis k: 26

---------------------------------------------------------
----------30: replacing k(5) with new_col(26)-----------
-----------------------------------------------------------

Solving 3 linear equations time: 	0.000543
Search k and new_col time: 		0.008222

	time     	L_nnz 	sum(Lb) 	U_nnz 		sum(Ub)

LLU: 	0.000708 	159   	95219    	174   	78110
"LUU_lb": 0.000372 	158   	100198    	169   	85919
LUU: 	0.000163 	148   	109499    	223   	126080
LLU/LUU: 4.3436 	1.0743 	0.8696    	0.7803   	0.6195


SPEX Left LU Factorization time: 	0.015215
"lower bound" of SPEX LU Update time: 	0.008012
SPEX LU Update time: 			0.006935


time of Left LU/ time of update: 	2.193944

obj value = 0.000000
found 0!! This update won't improve obj value
prev basis k(11): 752; new basis k: 520

---------------------------------------------------------
----------31: replacing k(11) with new_col(520)-----------
-----------------------------------------------------------

Solving 3 linear equations time: 	0.000544
Search k and new_col time: 		0.007849

	time     	L_nnz 	sum(Lb) 	U_nnz 		sum(Ub)

LLU: 	0.000753 	159   	96774    	182   	85881
"LUU_lb": 0.000260 	159   	96159    	171   	80640
LUU: 	0.000255 	148   	109524    	223   	126411
LLU/LUU: 2.9529 	1.0743 	0.8836    	0.8161   	0.6794


SPEX Left LU Factorization time: 	0.015968
"lower bound" of SPEX LU Update time: 	0.008272
SPEX LU Update time: 			0.007190


time of Left LU/ time of update: 	2.220862

obj value = 0.000000
found 0!! This update won't improve obj value
prev basis k(20): 20; new basis k: 976

---------------------------------------------------------
----------32: replacing k(20) with new_col(976)-----------
-----------------------------------------------------------

Solving 3 linear equations time: 	0.000547
Search k and new_col time: 		0.008014

	time     	L_nnz 	sum(Lb) 	U_nnz 		sum(Ub)

LLU: 	0.000837 	172   	100930    	189   	88450
"LUU_lb": 0.000362 	172   	103762    	194   	91706
LUU: 	0.000406 	163   	116012    	239   	131850
LLU/LUU: 2.0616 	1.0552 	0.8700    	0.7908   	0.6708


SPEX Left LU Factorization time: 	0.016805
"lower bound" of SPEX LU Update time: 	0.008634
SPEX LU Update time: 			0.007596


time of Left LU/ time of update: 	2.212349

obj value = 0.000000
found 0!! This update won't improve obj value
prev basis k(4): 867; new basis k: 5

---------------------------------------------------------
----------33: replacing k(4) with new_col(5)-----------
-----------------------------------------------------------

Solving 3 linear equations time: 	0.000422
Search k and new_col time: 		0.008175

	time     	L_nnz 	sum(Lb) 	U_nnz 		sum(Ub)

LLU: 	0.000833 	158   	102968    	185   	92779
"LUU_lb": 0.000571 	165   	108325    	201   	108779
LUU: 	0.000111 	163   	115993    	221   	119606
LLU/LUU: 7.5045 	0.9693 	0.8877    	0.8371   	0.7757


SPEX Left LU Factorization time: 	0.017638
"lower bound" of SPEX LU Update time: 	0.009205
SPEX LU Update time: 			0.007707


time of Left LU/ time of update: 	2.288569

obj value = 0.000000
found 0!! This update won't improve obj value
prev basis k(11): 520; new basis k: 820

---------------------------------------------------------
----------34: replacing k(11) with new_col(820)-----------
-----------------------------------------------------------

Solving 3 linear equations time: 	0.000552
Search k and new_col time: 		0.007515

	time     	L_nnz 	sum(Lb) 	U_nnz 		sum(Ub)

LLU: 	0.000821 	158   	102897    	185   	90467
"LUU_lb": 0.000313 	158   	102941    	181   	91714
LUU: 	0.000200 	161   	113571    	221   	119595
LLU/LUU: 4.1050 	0.9814 	0.9060    	0.8371   	0.7564


SPEX Left LU Factorization time: 	0.018459
"lower bound" of SPEX LU Update time: 	0.009518
SPEX LU Update time: 			0.007907


time of Left LU/ time of update: 	2.334514

obj value = 0.000000
found 0!! This update won't improve obj value
prev basis k(23): 884; new basis k: 519

---------------------------------------------------------
----------35: replacing k(23) with new_col(519)-----------
-----------------------------------------------------------

Solving 3 linear equations time: 	0.000542
Search k and new_col time: 		0.007935

	time     	L_nnz 	sum(Lb) 	U_nnz 		sum(Ub)

LLU: 	0.000844 	152   	104205    	189   	92926
"LUU_lb": 0.000191 	158   	102901    	190   	93306
LUU: 	0.000499 	161   	113692    	221   	119753
LLU/LUU: 1.6914 	0.9441 	0.9166    	0.8552   	0.7760


SPEX Left LU Factorization time: 	0.019303
"lower bound" of SPEX LU Update time: 	0.009709
SPEX LU Update time: 			0.008406


time of Left LU/ time of update: 	2.296336

obj value = 0.000000
LP is unbound!
