reading file TestMats/LPnetlib/lp_sc50b/lp_sc50b.mtx
reading file TestMats/LPnetlib/lp_sc50b/lp_sc50b_b.mtx
reading file TestMats/LPnetlib/lp_sc50b/lp_sc50b_c.mtx
reading file TestMats/LPnetlib/lp_sc50b/lp_sc50b_lo.mtx
reading file TestMats/LPnetlib/lp_sc50b/lp_sc50b_hi.mtx
m=50 n=78 fixed_var=0 nz=148 real_nnz=148
Constructing initial basis...
Size of triangular part is 50
getting initial basic variables....
OPT(5) FEAS(2) INFEAS(3) NOFEAS(4) UNBND(6) UNDEF(1)
0: 2, obj: 0.000000
preprocess finished
obj value = 0.000000
found 0!! This update won't improve obj value
prev basis k(7): 7; new basis k: 59

---------------------------------------------------------
----------0: replacing k(7) with new_col(59)-----------
-----------------------------------------------------------

Solving 3 linear equations time: 	0.000595
Search k and new_col time: 		0.000691

	time     	L_nnz 	sum(Lb) 	U_nnz 		sum(Ub)

LLU: 	0.000211 	66   	96251    	77   	111303
LUU: 	0.000161 	61   	89815    	83   	124866
LLU/LUU: 1.3106 	1.0820 	1.0717    	0.9277   	0.8914

obj value = 0.000000
found 0!! This update won't improve obj value
prev basis k(4): 4; new basis k: 39

---------------------------------------------------------
----------1: replacing k(4) with new_col(39)-----------
-----------------------------------------------------------

Solving 3 linear equations time: 	0.000446
Search k and new_col time: 		0.000533

	time     	L_nnz 	sum(Lb) 	U_nnz 		sum(Ub)

LLU: 	0.000206 	66   	95136    	76   	109550
"LUU_lb": 0.000160 	67   	96464    	77   	111303
LUU: 	0.000070 	62   	90028    	83   	124866
LLU/LUU: 2.9429 	1.0645 	1.0567    	0.9157   	0.8773


SPEX Left LU Factorization time: 	0.000206
"lower bound" of SPEX LU Update time: 	0.000160
SPEX LU Update time: 			0.000070


time of Left LU/ time of update: 	2.942857

obj value = 0.000000
found 0!! This update won't improve obj value
prev basis k(8): 8; new basis k: 36

---------------------------------------------------------
----------2: replacing k(8) with new_col(36)-----------
-----------------------------------------------------------

Solving 3 linear equations time: 	0.000481
Search k and new_col time: 		0.000569

	time     	L_nnz 	sum(Lb) 	U_nnz 		sum(Ub)

LLU: 	0.000414 	74   	111992    	87   	128310
"LUU_lb": 0.000255 	68   	101087    	85   	128853
LUU: 	0.000122 	65   	98904    	86   	133057
LLU/LUU: 3.3934 	1.1385 	1.1323    	1.0116   	0.9643


SPEX Left LU Factorization time: 	0.000620
"lower bound" of SPEX LU Update time: 	0.000415
SPEX LU Update time: 			0.000192


time of Left LU/ time of update: 	3.229167

obj value = 0.000000
found 0!! This update won't improve obj value
prev basis k(5): 5; new basis k: 40

---------------------------------------------------------
----------3: replacing k(5) with new_col(40)-----------
-----------------------------------------------------------

Solving 3 linear equations time: 	0.000498
Search k and new_col time: 		0.000587

	time     	L_nnz 	sum(Lb) 	U_nnz 		sum(Ub)

LLU: 	0.000388 	75   	112630    	88   	128948
"LUU_lb": 0.000168 	75   	112205    	87   	128310
LUU: 	0.000063 	66   	99170    	86   	133057
LLU/LUU: 6.1587 	1.1364 	1.1357    	1.0233   	0.9691


SPEX Left LU Factorization time: 	0.001008
"lower bound" of SPEX LU Update time: 	0.000583
SPEX LU Update time: 			0.000255


time of Left LU/ time of update: 	3.952941

obj value = 0.000000
found 0!! This update won't improve obj value
prev basis k(13): 13; new basis k: 37

---------------------------------------------------------
----------4: replacing k(13) with new_col(37)-----------
-----------------------------------------------------------

Solving 3 linear equations time: 	0.000524
Search k and new_col time: 		0.000614

	time     	L_nnz 	sum(Lb) 	U_nnz 		sum(Ub)

LLU: 	0.000344 	78   	120149    	84   	122159
"LUU_lb": 0.000250 	81   	126552    	90   	136706
LUU: 	0.000148 	73   	116175    	89   	141299
LLU/LUU: 2.3243 	1.0685 	1.0342    	0.9438   	0.8645


SPEX Left LU Factorization time: 	0.001352
"lower bound" of SPEX LU Update time: 	0.000833
SPEX LU Update time: 			0.000403


time of Left LU/ time of update: 	3.354839

obj value = 0.000000
found 0!! This update won't improve obj value
prev basis k(10): 10; new basis k: 50

---------------------------------------------------------
----------5: replacing k(10) with new_col(50)-----------
-----------------------------------------------------------

Solving 3 linear equations time: 	0.000545
Search k and new_col time: 		0.000632

	time     	L_nnz 	sum(Lb) 	U_nnz 		sum(Ub)

LLU: 	0.000352 	79   	120734    	84   	122159
"LUU_lb": 0.000165 	79   	120415    	84   	122159
LUU: 	0.000061 	74   	116548    	89   	141299
LLU/LUU: 5.7705 	1.0676 	1.0359    	0.9438   	0.8645


SPEX Left LU Factorization time: 	0.001704
"lower bound" of SPEX LU Update time: 	0.000998
SPEX LU Update time: 			0.000464


time of Left LU/ time of update: 	3.672414

obj value = 0.000000
found 0!! This update won't improve obj value
prev basis k(14): 14; new basis k: 47

---------------------------------------------------------
----------6: replacing k(14) with new_col(47)-----------
-----------------------------------------------------------

Solving 3 linear equations time: 	0.000566
Search k and new_col time: 		0.000655

	time     	L_nnz 	sum(Lb) 	U_nnz 		sum(Ub)

LLU: 	0.000371 	76   	115028    	91   	134568
"LUU_lb": 0.000200 	84   	131565    	85   	125080
LUU: 	0.000189 	82   	134780    	92   	145811
LLU/LUU: 1.9630 	0.9268 	0.8535    	0.9891   	0.9229


SPEX Left LU Factorization time: 	0.002075
"lower bound" of SPEX LU Update time: 	0.001198
SPEX LU Update time: 			0.000653


time of Left LU/ time of update: 	3.177642

obj value = 0.000000
found 0!! This update won't improve obj value
prev basis k(11): 11; new basis k: 51

---------------------------------------------------------
----------7: replacing k(11) with new_col(51)-----------
-----------------------------------------------------------

Solving 3 linear equations time: 	0.000581
Search k and new_col time: 		0.000669

	time     	L_nnz 	sum(Lb) 	U_nnz 		sum(Ub)

LLU: 	0.000378 	77   	115560    	92   	136853
"LUU_lb": 0.000167 	77   	115294    	91   	134568
LUU: 	0.000062 	83   	135206    	92   	145811
LLU/LUU: 6.0968 	0.9277 	0.8547    	1.0000   	0.9386


SPEX Left LU Factorization time: 	0.002453
"lower bound" of SPEX LU Update time: 	0.001365
SPEX LU Update time: 			0.000715


time of Left LU/ time of update: 	3.430769

obj value = 0.000000
found 0!! This update won't improve obj value
prev basis k(19): 19; new basis k: 48

---------------------------------------------------------
----------8: replacing k(19) with new_col(48)-----------
-----------------------------------------------------------

Solving 3 linear equations time: 	0.000594
Search k and new_col time: 		0.000683

	time     	L_nnz 	sum(Lb) 	U_nnz 		sum(Ub)

LLU: 	0.000256 	75   	110270    	98   	147345
"LUU_lb": 0.000258 	85   	134585    	99   	150405
LUU: 	0.000217 	93   	158167    	94   	147245
LLU/LUU: 1.1797 	0.8065 	0.6972    	1.0426   	1.0007


SPEX Left LU Factorization time: 	0.002709
"lower bound" of SPEX LU Update time: 	0.001623
SPEX LU Update time: 			0.000932


time of Left LU/ time of update: 	2.906652

obj value = 0.000000
found 0!! This update won't improve obj value
prev basis k(16): 16; new basis k: 61

---------------------------------------------------------
----------9: replacing k(16) with new_col(61)-----------
-----------------------------------------------------------

Solving 3 linear equations time: 	0.000346
Search k and new_col time: 		0.000392

	time     	L_nnz 	sum(Lb) 	U_nnz 		sum(Ub)

LLU: 	0.000205 	76   	110749    	98   	147347
"LUU_lb": 0.000087 	76   	110589    	98   	147345
LUU: 	0.000031 	94   	158699    	94   	147245
LLU/LUU: 6.6129 	0.8085 	0.6979    	1.0426   	1.0007


SPEX Left LU Factorization time: 	0.002914
"lower bound" of SPEX LU Update time: 	0.001710
SPEX LU Update time: 			0.000963


time of Left LU/ time of update: 	3.025961

obj value = 0.000000
found 0!! This update won't improve obj value
prev basis k(20): 20; new basis k: 58

---------------------------------------------------------
----------10: replacing k(20) with new_col(58)-----------
-----------------------------------------------------------

Solving 3 linear equations time: 	0.000348
Search k and new_col time: 		0.000395

	time     	L_nnz 	sum(Lb) 	U_nnz 		sum(Ub)

LLU: 	0.000170 	69   	98070    	97   	144098
"LUU_lb": 0.000105 	80   	120047    	100   	151121
LUU: 	0.000115 	105   	183740    	97   	152564
LLU/LUU: 1.4783 	0.6571 	0.5337    	1.0000   	0.9445


SPEX Left LU Factorization time: 	0.003084
"lower bound" of SPEX LU Update time: 	0.001815
SPEX LU Update time: 			0.001078


time of Left LU/ time of update: 	2.860853

obj value = 0.000000
found 0!! This update won't improve obj value
prev basis k(25): 25; new basis k: 62

---------------------------------------------------------
----------11: replacing k(25) with new_col(62)-----------
-----------------------------------------------------------

Solving 3 linear equations time: 	0.000352
Search k and new_col time: 		0.000397

	time     	L_nnz 	sum(Lb) 	U_nnz 		sum(Ub)

LLU: 	0.000186 	71   	101243    	98   	145397
"LUU_lb": 0.000157 	75   	113211    	101   	155368
LUU: 	0.000095 	113   	202724    	98   	155172
LLU/LUU: 1.9579 	0.6283 	0.4994    	1.0000   	0.9370


SPEX Left LU Factorization time: 	0.003270
"lower bound" of SPEX LU Update time: 	0.001972
SPEX LU Update time: 			0.001173


time of Left LU/ time of update: 	2.787724

obj value = 0.000000
found 0!! This update won't improve obj value
prev basis k(22): 22; new basis k: 72

---------------------------------------------------------
----------12: replacing k(22) with new_col(72)-----------
-----------------------------------------------------------

Solving 3 linear equations time: 	0.000377
Search k and new_col time: 		0.000420

	time     	L_nnz 	sum(Lb) 	U_nnz 		sum(Ub)

LLU: 	0.000189 	70   	99639    	102   	152700
"LUU_lb": 0.000146 	76   	112501    	101   	155284
LUU: 	0.000085 	117   	212771    	98   	157724
LLU/LUU: 2.2235 	0.5983 	0.4683    	1.0408   	0.9681


SPEX Left LU Factorization time: 	0.003459
"lower bound" of SPEX LU Update time: 	0.002118
SPEX LU Update time: 			0.001258


time of Left LU/ time of update: 	2.749603

obj value = 0.000000
found 0!! This update won't improve obj value
prev basis k(28): 28; new basis k: 16

---------------------------------------------------------
----------13: replacing k(28) with new_col(16)-----------
-----------------------------------------------------------

Solving 3 linear equations time: 	0.000422
Search k and new_col time: 		0.000469

	time     	L_nnz 	sum(Lb) 	U_nnz 		sum(Ub)

LLU: 	0.000179 	72   	102490    	100   	149458
"LUU_lb": 0.000150 	76   	113188    	103   	157162
LUU: 	0.000178 	132   	241783    	101   	163947
LLU/LUU: 1.0056 	0.5455 	0.4239    	0.9901   	0.9116


SPEX Left LU Factorization time: 	0.003638
"lower bound" of SPEX LU Update time: 	0.002268
SPEX LU Update time: 			0.001436


time of Left LU/ time of update: 	2.533426

obj value = 0.000000
found 0!! This update won't improve obj value
prev basis k(27): 27; new basis k: 75

---------------------------------------------------------
----------14: replacing k(27) with new_col(75)-----------
-----------------------------------------------------------

Solving 3 linear equations time: 	0.000409
Search k and new_col time: 		0.000456

	time     	L_nnz 	sum(Lb) 	U_nnz 		sum(Ub)

LLU: 	0.000195 	73   	102917    	103   	153283
"LUU_lb": 0.000086 	73   	102914    	101   	149830
LUU: 	0.000034 	133   	242526    	102   	164638
LLU/LUU: 5.7353 	0.5489 	0.4244    	1.0098   	0.9310


SPEX Left LU Factorization time: 	0.003833
"lower bound" of SPEX LU Update time: 	0.002354
SPEX LU Update time: 			0.001470


time of Left LU/ time of update: 	2.607483

obj value = 0.000000
found 0!! This update won't improve obj value
prev basis k(29): 29; new basis k: 74

---------------------------------------------------------
----------15: replacing k(29) with new_col(74)-----------
-----------------------------------------------------------

Solving 3 linear equations time: 	0.000421
Search k and new_col time: 		0.000469

	time     	L_nnz 	sum(Lb) 	U_nnz 		sum(Ub)

LLU: 	0.000172 	72   	101347    	102   	148271
"LUU_lb": 0.000098 	75   	106690    	105   	155626
LUU: 	0.000172 	149   	275896    	104   	167402
LLU/LUU: 1.0000 	0.4832 	0.3673    	0.9808   	0.8857


SPEX Left LU Factorization time: 	0.004005
"lower bound" of SPEX LU Update time: 	0.002452
SPEX LU Update time: 			0.001642


time of Left LU/ time of update: 	2.439099

obj value = 0.000000
prev basis k(12): 12; new basis k: 76

---------------------------------------------------------
----------16: replacing k(12) with new_col(76)-----------
-----------------------------------------------------------

Solving 3 linear equations time: 	0.000431
Search k and new_col time: 		0.000476

	time     	L_nnz 	sum(Lb) 	U_nnz 		sum(Ub)

LLU: 	0.000210 	76   	109576    	105   	153679
"LUU_lb": 0.000202 	82   	124056    	104   	150826
LUU: 	0.000196 	159   	291940    	106   	168283
LLU/LUU: 1.0714 	0.4780 	0.3753    	0.9906   	0.9132


SPEX Left LU Factorization time: 	0.004215
"lower bound" of SPEX LU Update time: 	0.002654
SPEX LU Update time: 			0.001838


time of Left LU/ time of update: 	2.293254

obj value = -39.354585
prev basis k(24): 24; new basis k: 10

---------------------------------------------------------
----------17: replacing k(24) with new_col(10)-----------
-----------------------------------------------------------

Solving 3 linear equations time: 	0.000726
Search k and new_col time: 		0.000781

	time     	L_nnz 	sum(Lb) 	U_nnz 		sum(Ub)

LLU: 	0.000310 	89   	134627    	107   	156758
"LUU_lb": 0.000201 	89   	137618    	106   	157136
LUU: 	0.000148 	161   	295667    	107   	174871
LLU/LUU: 2.0946 	0.5528 	0.4553    	1.0000   	0.8964


SPEX Left LU Factorization time: 	0.004525
"lower bound" of SPEX LU Update time: 	0.002855
SPEX LU Update time: 			0.001986


time of Left LU/ time of update: 	2.278449

obj value = -47.810942
found 0!! This update won't improve obj value
prev basis k(21): 21; new basis k: 71

---------------------------------------------------------
----------18: replacing k(21) with new_col(71)-----------
-----------------------------------------------------------

Solving 3 linear equations time: 	0.000691
Search k and new_col time: 		0.000741

	time     	L_nnz 	sum(Lb) 	U_nnz 		sum(Ub)

LLU: 	0.000236 	83   	120092    	104   	153289
"LUU_lb": 0.000099 	91   	139354    	106   	158349
LUU: 	0.000039 	163   	298902    	106   	173111
LLU/LUU: 6.0513 	0.5092 	0.4018    	0.9811   	0.8855


SPEX Left LU Factorization time: 	0.004761
"lower bound" of SPEX LU Update time: 	0.002954
SPEX LU Update time: 			0.002025


time of Left LU/ time of update: 	2.351111

obj value = -47.810942
prev basis k(6): 6; new basis k: 57

---------------------------------------------------------
----------19: replacing k(6) with new_col(57)-----------
-----------------------------------------------------------

Solving 3 linear equations time: 	0.000714
Search k and new_col time: 		0.000776

	time     	L_nnz 	sum(Lb) 	U_nnz 		sum(Ub)

LLU: 	0.000349 	97   	147497    	110   	161380
"LUU_lb": 0.000230 	96   	149679    	107   	155850
LUU: 	0.000276 	177   	318469    	109   	168898
LLU/LUU: 1.2645 	0.5480 	0.4631    	1.0092   	0.9555


SPEX Left LU Factorization time: 	0.005110
"lower bound" of SPEX LU Update time: 	0.003184
SPEX LU Update time: 			0.002301


time of Left LU/ time of update: 	2.220774

obj value = -50.425011
prev basis k(40): 53; new basis k: 4

---------------------------------------------------------
----------20: replacing k(40) with new_col(4)-----------
-----------------------------------------------------------

Solving 3 linear equations time: 	0.000976
Search k and new_col time: 		0.001038

	time     	L_nnz 	sum(Lb) 	U_nnz 		sum(Ub)

LLU: 	0.000300 	92   	137327    	107   	154053
"LUU_lb": 0.000129 	98   	149992    	109   	156762
LUU: 	0.000472 	161   	281481    	111   	171341
LLU/LUU: 0.6356 	0.5714 	0.4879    	0.9640   	0.8991


SPEX Left LU Factorization time: 	0.005410
"lower bound" of SPEX LU Update time: 	0.003313
SPEX LU Update time: 			0.002773


time of Left LU/ time of update: 	1.950956

obj value = -51.286560
prev basis k(0): 0; new basis k: 11

---------------------------------------------------------
----------21: replacing k(0) with new_col(11)-----------
-----------------------------------------------------------

Solving 3 linear equations time: 	0.000859
Search k and new_col time: 		0.000915

	time     	L_nnz 	sum(Lb) 	U_nnz 		sum(Ub)

LLU: 	0.000290 	91   	133100    	105   	151039
"LUU_lb": 0.000169 	97   	148345    	110   	162664
LUU: 	0.000243 	173   	300990    	114   	175638
LLU/LUU: 1.1934 	0.5260 	0.4422    	0.9211   	0.8599


SPEX Left LU Factorization time: 	0.005700
"lower bound" of SPEX LU Update time: 	0.003482
SPEX LU Update time: 			0.003016


time of Left LU/ time of update: 	1.889920

obj value = -54.966627
prev basis k(18): 18; new basis k: 63

---------------------------------------------------------
----------22: replacing k(18) with new_col(63)-----------
-----------------------------------------------------------

Solving 3 linear equations time: 	0.000997
Search k and new_col time: 		0.001071

	time     	L_nnz 	sum(Lb) 	U_nnz 		sum(Ub)

LLU: 	0.000283 	92   	134389    	106   	149041
"LUU_lb": 0.000087 	92   	133368    	105   	151041
LUU: 	0.000033 	174   	300886    	114   	175268
LLU/LUU: 8.5758 	0.5287 	0.4466    	0.9298   	0.8504


SPEX Left LU Factorization time: 	0.005983
"lower bound" of SPEX LU Update time: 	0.003569
SPEX LU Update time: 			0.003049


time of Left LU/ time of update: 	1.962283

obj value = -64.127732
found 0!! This update won't improve obj value
prev basis k(3): 3; new basis k: 38

---------------------------------------------------------
----------23: replacing k(3) with new_col(38)-----------
-----------------------------------------------------------

Solving 3 linear equations time: 	0.001010
Search k and new_col time: 		0.001069

	time     	L_nnz 	sum(Lb) 	U_nnz 		sum(Ub)

LLU: 	0.000294 	94   	137422    	108   	151073
"LUU_lb": 0.000089 	93   	134549    	106   	149041
LUU: 	0.000035 	175   	301065    	114   	175310
LLU/LUU: 8.4000 	0.5371 	0.4565    	0.9474   	0.8617


SPEX Left LU Factorization time: 	0.006277
"lower bound" of SPEX LU Update time: 	0.003658
SPEX LU Update time: 			0.003084


time of Left LU/ time of update: 	2.035344

obj value = -64.127732
found 0!! This update won't improve obj value
prev basis k(34): 41; new basis k: 35

---------------------------------------------------------
----------24: replacing k(34) with new_col(35)-----------
-----------------------------------------------------------

Solving 3 linear equations time: 	0.001026
Search k and new_col time: 		0.001093

	time     	L_nnz 	sum(Lb) 	U_nnz 		sum(Ub)

LLU: 	0.000338 	100   	151767    	113   	160574
"LUU_lb": 0.000074 	95   	139125    	110   	153894
LUU: 	0.000031 	176   	300965    	115   	173980
LLU/LUU: 10.9032 	0.5682 	0.5043    	0.9826   	0.9229


SPEX Left LU Factorization time: 	0.006615
"lower bound" of SPEX LU Update time: 	0.003732
SPEX LU Update time: 			0.003115


time of Left LU/ time of update: 	2.123596

obj value = -64.127732
prev basis k(0): 11; new basis k: 46

---------------------------------------------------------
----------25: replacing k(0) with new_col(46)-----------
-----------------------------------------------------------

Solving 3 linear equations time: 	0.001052
Search k and new_col time: 		0.001126

	time     	L_nnz 	sum(Lb) 	U_nnz 		sum(Ub)

LLU: 	0.000365 	100   	150635    	118   	168248
"LUU_lb": 0.000207 	107   	166666    	116   	168617
LUU: 	0.000047 	176   	300969    	116   	172076
LLU/LUU: 7.7660 	0.5682 	0.5005    	1.0172   	0.9778


SPEX Left LU Factorization time: 	0.006980
"lower bound" of SPEX LU Update time: 	0.003939
SPEX LU Update time: 			0.003162


time of Left LU/ time of update: 	2.207464

obj value = -64.133838
prev basis k(39): 52; new basis k: 53

---------------------------------------------------------
----------26: replacing k(39) with new_col(53)-----------
-----------------------------------------------------------

Solving 3 linear equations time: 	0.001213
Search k and new_col time: 		0.001286

	time     	L_nnz 	sum(Lb) 	U_nnz 		sum(Ub)

LLU: 	0.000355 	105   	152411    	115   	163956
"LUU_lb": 0.000307 	101   	152564    	120   	173698
LUU: 	0.000303 	176   	301933    	123   	184317
LLU/LUU: 1.1716 	0.5966 	0.5048    	0.9350   	0.8895


SPEX Left LU Factorization time: 	0.007335
"lower bound" of SPEX LU Update time: 	0.004246
SPEX LU Update time: 			0.003465


time of Left LU/ time of update: 	2.116883

obj value = -64.217758
prev basis k(9): 9; new basis k: 49

---------------------------------------------------------
----------27: replacing k(9) with new_col(49)-----------
-----------------------------------------------------------

Solving 3 linear equations time: 	0.001094
Search k and new_col time: 		0.001168

	time     	L_nnz 	sum(Lb) 	U_nnz 		sum(Ub)

LLU: 	0.000422 	108   	158729    	118   	170003
"LUU_lb": 0.000177 	111   	165560    	118   	175718
LUU: 	0.000097 	177   	306414    	126   	195347
LLU/LUU: 4.3505 	0.6102 	0.5180    	0.9365   	0.8703


SPEX Left LU Factorization time: 	0.007757
"lower bound" of SPEX LU Update time: 	0.004423
SPEX LU Update time: 			0.003562


time of Left LU/ time of update: 	2.177709

obj value = -64.363719
prev basis k(40): 4; new basis k: 64

---------------------------------------------------------
----------28: replacing k(40) with new_col(64)-----------
-----------------------------------------------------------

Solving 3 linear equations time: 	0.001185
Search k and new_col time: 		0.001261

	time     	L_nnz 	sum(Lb) 	U_nnz 		sum(Ub)

LLU: 	0.000427 	110   	168227    	124   	176662
"LUU_lb": 0.000312 	121   	187568    	122   	180447
LUU: 	0.000139 	179   	311476    	130   	201895
LLU/LUU: 3.0719 	0.6145 	0.5401    	0.9538   	0.8750


SPEX Left LU Factorization time: 	0.008184
"lower bound" of SPEX LU Update time: 	0.004735
SPEX LU Update time: 			0.003701


time of Left LU/ time of update: 	2.211294

obj value = -66.192493
prev basis k(28): 16; new basis k: 41

---------------------------------------------------------
----------29: replacing k(28) with new_col(41)-----------
-----------------------------------------------------------

Solving 3 linear equations time: 	0.001200
Search k and new_col time: 		0.001275

	time     	L_nnz 	sum(Lb) 	U_nnz 		sum(Ub)

LLU: 	0.000456 	108   	160484    	126   	183845
"LUU_lb": 0.000288 	120   	191109    	126   	185556
LUU: 	0.000283 	175   	300760    	123   	183857
LLU/LUU: 1.6113 	0.6171 	0.5336    	1.0244   	0.9999


SPEX Left LU Factorization time: 	0.008640
"lower bound" of SPEX LU Update time: 	0.005023
SPEX LU Update time: 			0.003984


time of Left LU/ time of update: 	2.168675

obj value = -66.815074
prev basis k(24): 10; new basis k: 65

---------------------------------------------------------
----------30: replacing k(24) with new_col(65)-----------
-----------------------------------------------------------

Solving 3 linear equations time: 	0.001223
Search k and new_col time: 		0.001301

	time     	L_nnz 	sum(Lb) 	U_nnz 		sum(Ub)

LLU: 	0.000485 	114   	168814    	125   	183508
"LUU_lb": 0.000289 	118   	183495    	130   	196272
LUU: 	0.000256 	178   	299908    	125   	180682
LLU/LUU: 1.8945 	0.6404 	0.5629    	1.0000   	1.0156


SPEX Left LU Factorization time: 	0.009125
"lower bound" of SPEX LU Update time: 	0.005312
SPEX LU Update time: 			0.004240


time of Left LU/ time of update: 	2.152123

obj value = -67.255426
prev basis k(15): 15; new basis k: 60

---------------------------------------------------------
----------31: replacing k(15) with new_col(60)-----------
-----------------------------------------------------------

Solving 3 linear equations time: 	0.001139
Search k and new_col time: 		0.001214

	time     	L_nnz 	sum(Lb) 	U_nnz 		sum(Ub)

LLU: 	0.000475 	116   	170038    	123   	178820
"LUU_lb": 0.000155 	118   	179625    	126   	190434
LUU: 	0.000184 	183   	311102    	130   	193618
LLU/LUU: 2.5815 	0.6339 	0.5466    	0.9462   	0.9236


SPEX Left LU Factorization time: 	0.009600
"lower bound" of SPEX LU Update time: 	0.005467
SPEX LU Update time: 			0.004424


time of Left LU/ time of update: 	2.169982

obj value = -69.059922
prev basis k(17): 17; new basis k: 52

---------------------------------------------------------
----------32: replacing k(17) with new_col(52)-----------
-----------------------------------------------------------

Solving 3 linear equations time: 	0.001240
Search k and new_col time: 		0.001317

	time     	L_nnz 	sum(Lb) 	U_nnz 		sum(Ub)

LLU: 	0.000412 	109   	151287    	126   	183824
"LUU_lb": 0.000194 	123   	187285    	126   	189359
LUU: 	0.000314 	194   	327395    	134   	204770
LLU/LUU: 1.3121 	0.5619 	0.4621    	0.9403   	0.8977


SPEX Left LU Factorization time: 	0.010012
"lower bound" of SPEX LU Update time: 	0.005661
SPEX LU Update time: 			0.004738


time of Left LU/ time of update: 	2.113128

obj value = -70.000000
optimal solution found!
