reading file TestMats/LPnetlib/lp_scorpion/lp_scorpion.mtx
reading file TestMats/LPnetlib/lp_scorpion/lp_scorpion_b.mtx
reading file TestMats/LPnetlib/lp_scorpion/lp_scorpion_c.mtx
reading file TestMats/LPnetlib/lp_scorpion/lp_scorpion_lo.mtx
reading file TestMats/LPnetlib/lp_scorpion/lp_scorpion_hi.mtx
m=388 n=466 fixed_var=0 nz=1534 real_nnz=1534
Constructing initial basis...
Size of triangular part is 292
