reading file TestMats/LPnetlib/lp_sctap2/lp_sctap2.mtx
reading file TestMats/LPnetlib/lp_sctap2/lp_sctap2_b.mtx
reading file TestMats/LPnetlib/lp_sctap2/lp_sctap2_c.mtx
reading file TestMats/LPnetlib/lp_sctap2/lp_sctap2_lo.mtx
reading file TestMats/LPnetlib/lp_sctap2/lp_sctap2_hi.mtx
m=1090 n=2500 fixed_var=0 nz=7334 real_nnz=7334
getting initial basic variables....
Constructing initial basis...
Size of triangular part is 1090
set of basic variables found, now computing A=B*B^T....
time to compute BB^T: 0.002544
compute initial Cholesky factorization for A....
computing Cholesky rank-1 update if col 0 is added to B...
computing updated Cholesky using direct factorization...
test succeeded!!
		 time 		L_nnz 	sum(Lb)
Factorization: 	0.052729 	7546 	4225607
rank-1 Update: 	0.011749 	7546 	4225605

computing Cholesky rank-1 update if col 622 is added to B...
computing updated Cholesky using direct factorization...
test succeeded!!
		 time 		L_nnz 	sum(Lb)
Factorization: 	0.073332 	8003 	5098088
rank-1 Update: 	0.013573 	7789 	4793583

computing Cholesky rank-1 update if col 622 is removed from B...
computing updated Cholesky using direct factorization...
test succeeded!!
		 time 		L_nnz 	sum(Lb)
Factorization: 	0.052729 	7546 	4225607
rank-1 Update: 	0.013442 	7789 	4225848

computing Cholesky rank-1 update if col 0 is removed from B...
computing updated Cholesky using direct factorization...
test succeeded!!
		 time 		L_nnz 	sum(Lb)
Factorization: 	0.047494 	7546 	3812304
rank-1 Update: 	0.010614 	7789 	3812547

